[INFO] Scanning for projects...
[INFO] 
[INFO] ----------------------< com.aisre:control-plane >-----------------------
[INFO] Building control-plane 0.1.0-SNAPSHOT
[INFO]   from pom.xml
[INFO] --------------------------------[ jar ]---------------------------------
[INFO] 
[INFO] --- clean:3.4.0:clean (default-clean) @ control-plane ---
[INFO] Deleting /work/target
[INFO] 
[INFO] --- resources:3.3.1:resources (default-resources) @ control-plane ---
[INFO] Copying 1 resource from src/main/resources to target/classes
[INFO] Copying 9 resources from src/main/resources to target/classes
[INFO] 
[INFO] --- compiler:3.13.0:compile (default-compile) @ control-plane ---
[INFO] Recompiling the module because of changed source code.
[INFO] Compiling 68 source files with javac [debug parameters release 17] to target/classes
[INFO] 
[INFO] --- build-helper:3.5.0:add-test-source (add-integration-test-source) @ control-plane ---
[INFO] Test Source directory: /work/src/integration-test/java added.
[INFO] 
[INFO] --- resources:3.3.1:testResources (default-testResources) @ control-plane ---
[INFO] Copying 1 resource from src/test/resources to target/test-classes
[INFO] 
[INFO] --- compiler:3.13.0:testCompile (default-testCompile) @ control-plane ---
[INFO] Recompiling the module because of changed dependency.
[INFO] Compiling 11 source files with javac [debug parameters release 17] to target/test-classes
[INFO] 
[INFO] --- surefire:3.5.2:test (default-test) @ control-plane ---
[INFO] Using auto detected provider org.apache.maven.surefire.junitplatform.JUnitPlatformProvider
[INFO] 
[INFO] -------------------------------------------------------
[INFO]  T E S T S
[INFO] -------------------------------------------------------
[INFO] Running com.aisre.api.AuthControllerTest
Standard Commons Logging discovery in action with spring-jcl: please remove commons-logging.jar from classpath in order to avoid potential conflicts
[INFO] Tests run: 6, Failures: 0, Errors: 0, Skipped: 0, Time elapsed: 1.367 s -- in com.aisre.api.AuthControllerTest
[INFO] Running com.aisre.api.dto.DtoValidationTest
13:02:54.523 [main] INFO org.hibernate.validator.internal.util.Version -- HV000001: Hibernate Validator 8.0.1.Final
[INFO] Tests run: 4, Failures: 0, Errors: 0, Skipped: 0, Time elapsed: 1.325 s -- in com.aisre.api.dto.DtoValidationTest
[INFO] Running com.aisre.integration.ControlPlaneChainTest
13:02:55.822 [main] INFO org.testcontainers.images.PullPolicy -- Image pull policy will be performed by: DefaultPullPolicy()
13:02:55.836 [main] INFO org.testcontainers.utility.ImageNameSubstitutor -- Image name substitution will be performed by: DefaultImageNameSubstitutor (composite of 'ConfigurationFileImageNameSubstitutor' and 'PrefixingImageNameSubstitutor')
13:02:55.866 [main] INFO org.testcontainers.DockerClientFactory -- Testcontainers version: 1.20.4
13:02:57.923 [main] INFO org.testcontainers.dockerclient.DockerClientProviderStrategy -- Found Docker environment with local Unix socket (unix:///var/run/docker.sock)
13:02:57.959 [main] INFO org.testcontainers.DockerClientFactory -- Docker host IP address is 172.17.0.1
13:02:57.993 [main] INFO org.testcontainers.DockerClientFactory -- Connected to docker: 
  Server Version: 29.8.0
  API Version: 1.56
  Operating System: Ubuntu 26.04 LTS
  Total Memory: 15507 MB
13:02:57.999 [main] WARN org.testcontainers.utility.ResourceReaper -- 
********************************************************************************
Ryuk has been disabled. This can cause unexpected behavior in your environment.
********************************************************************************
13:02:58.011 [main] INFO org.testcontainers.DockerClientFactory -- Checking the system...
13:02:58.013 [main] INFO org.testcontainers.DockerClientFactory -- ✔︎ Docker server version should be at least 1.6.0
13:02:58.143 [main] INFO tc.redis:7-alpine -- Creating container for image: redis:7-alpine
13:02:58.159 [main] INFO org.testcontainers.utility.RegistryAuthLocator -- Failure when attempting to lookup auth config. Please ignore if you don't have images in an authenticated registry. Details: (dockerImageName: redis:7-alpine, configFile: /root/.docker/config.json, configEnv: DOCKER_AUTH_CONFIG). Falling back to docker-java default behaviour. Exception message: Status 404: No config supplied. Checked in order: /root/.docker/config.json (file not found), DOCKER_AUTH_CONFIG (not set)
13:02:58.500 [main] INFO tc.redis:7-alpine -- Container redis:7-alpine is starting: 6416bd25b2e09e4d81940c90fc49b5e6f1e97fecfa1dcba7ff818b6f339049e4
13:02:59.537 [main] INFO tc.redis:7-alpine -- Container redis:7-alpine started in PT1.394643896S
13:02:59.538 [main] INFO tc.postgres:16-alpine -- Creating container for image: postgres:16-alpine
13:02:59.625 [main] INFO tc.postgres:16-alpine -- Container postgres:16-alpine is starting: abe6d5b51509b7f603099157ab9454a35a6529a91339b137851604d2a9244295
13:03:01.244 [main] INFO tc.postgres:16-alpine -- Container postgres:16-alpine started in PT1.706335142S
13:03:01.245 [main] INFO tc.postgres:16-alpine -- Container is started (JDBC URL: jdbc:postgresql://172.17.0.1:44625/aisre?loggerLevel=OFF)
13:03:01.884 [main] INFO org.springframework.boot.test.context.SpringBootTestContextBootstrapper -- Found @SpringBootConfiguration com.aisre.AiSreApplication for test class com.aisre.integration.ControlPlaneChainTest

  .   ____          _            __ _ _
 /\\ / ___'_ __ _ _(_)_ __  __ _ \ \ \ \
( ( )\___ | '_ | '_| | '_ \/ _` | \ \ \ \
 \\/  ___)| |_)| | | | | || (_| |  ) ) ) )
  '  |____| .__|_| |_|_| |_\__, | / / / /
 =========|_|==============|___/=/_/_/_/

 :: Spring Boot ::                (v3.4.0)

2026-09-07T13:03:03.386Z  INFO 131 --- [control-plane] [           main] c.a.integration.ControlPlaneChainTest    : Starting ControlPlaneChainTest using Java 17.0.20 with PID 131 (started by root in /work)
2026-09-07T13:03:03.389Z  INFO 131 --- [control-plane] [           main] c.a.integration.ControlPlaneChainTest    : No active profile set, falling back to 1 default profile: "default"
2026-09-07T13:03:06.045Z  INFO 131 --- [control-plane] [           main] .s.d.r.c.RepositoryConfigurationDelegate : Multiple Spring Data modules found, entering strict repository configuration mode
2026-09-07T13:03:06.052Z  INFO 131 --- [control-plane] [           main] .s.d.r.c.RepositoryConfigurationDelegate : Bootstrapping Spring Data JPA repositories in DEFAULT mode.
2026-09-07T13:03:06.985Z  INFO 131 --- [control-plane] [           main] .s.d.r.c.RepositoryConfigurationDelegate : Finished Spring Data repository scanning in 906 ms. Found 9 JPA repository interfaces.
2026-09-07T13:03:07.036Z  INFO 131 --- [control-plane] [           main] .s.d.r.c.RepositoryConfigurationDelegate : Multiple Spring Data modules found, entering strict repository configuration mode
2026-09-07T13:03:07.040Z  INFO 131 --- [control-plane] [           main] .s.d.r.c.RepositoryConfigurationDelegate : Bootstrapping Spring Data Redis repositories in DEFAULT mode.
2026-09-07T13:03:07.173Z  INFO 131 --- [control-plane] [           main] .RepositoryConfigurationExtensionSupport : Spring Data Redis - Could not safely identify store assignment for repository candidate interface com.aisre.repo.AgentStepRepository; If you want this repository to be a Redis repository, consider annotating your entities with one of these annotations: org.springframework.data.redis.core.RedisHash (preferred), or consider extending one of the following types with your repository: org.springframework.data.keyvalue.repository.KeyValueRepository
2026-09-07T13:03:07.174Z  INFO 131 --- [control-plane] [           main] .RepositoryConfigurationExtensionSupport : Spring Data Redis - Could not safely identify store assignment for repository candidate interface com.aisre.repo.AgentTaskRepository; If you want this repository to be a Redis repository, consider annotating your entities with one of these annotations: org.springframework.data.redis.core.RedisHash (preferred), or consider extending one of the following types with your repository: org.springframework.data.keyvalue.repository.KeyValueRepository
2026-09-07T13:03:07.174Z  INFO 131 --- [control-plane] [           main] .RepositoryConfigurationExtensionSupport : Spring Data Redis - Could not safely identify store assignment for repository candidate interface com.aisre.repo.AlertRepository; If you want this repository to be a Redis repository, consider annotating your entities with one of these annotations: org.springframework.data.redis.core.RedisHash (preferred), or consider extending one of the following types with your repository: org.springframework.data.keyvalue.repository.KeyValueRepository
2026-09-07T13:03:07.174Z  INFO 131 --- [control-plane] [           main] .RepositoryConfigurationExtensionSupport : Spring Data Redis - Could not safely identify store assignment for repository candidate interface com.aisre.repo.ApprovalRepository; If you want this repository to be a Redis repository, consider annotating your entities with one of these annotations: org.springframework.data.redis.core.RedisHash (preferred), or consider extending one of the following types with your repository: org.springframework.data.keyvalue.repository.KeyValueRepository
2026-09-07T13:03:07.174Z  INFO 131 --- [control-plane] [           main] .RepositoryConfigurationExtensionSupport : Spring Data Redis - Could not safely identify store assignment for repository candidate interface com.aisre.repo.AuditLogRepository; If you want this repository to be a Redis repository, consider annotating your entities with one of these annotations: org.springframework.data.redis.core.RedisHash (preferred), or consider extending one of the following types with your repository: org.springframework.data.keyvalue.repository.KeyValueRepository
2026-09-07T13:03:07.175Z  INFO 131 --- [control-plane] [           main] .RepositoryConfigurationExtensionSupport : Spring Data Redis - Could not safely identify store assignment for repository candidate interface com.aisre.repo.EvidenceRepository; If you want this repository to be a Redis repository, consider annotating your entities with one of these annotations: org.springframework.data.redis.core.RedisHash (preferred), or consider extending one of the following types with your repository: org.springframework.data.keyvalue.repository.KeyValueRepository
2026-09-07T13:03:07.175Z  INFO 131 --- [control-plane] [           main] .RepositoryConfigurationExtensionSupport : Spring Data Redis - Could not safely identify store assignment for repository candidate interface com.aisre.repo.IncidentRepository; If you want this repository to be a Redis repository, consider annotating your entities with one of these annotations: org.springframework.data.redis.core.RedisHash (preferred), or consider extending one of the following types with your repository: org.springframework.data.keyvalue.repository.KeyValueRepository
2026-09-07T13:03:07.176Z  INFO 131 --- [control-plane] [           main] .RepositoryConfigurationExtensionSupport : Spring Data Redis - Could not safely identify store assignment for repository candidate interface com.aisre.repo.RemediationActionRepository; If you want this repository to be a Redis repository, consider annotating your entities with one of these annotations: org.springframework.data.redis.core.RedisHash (preferred), or consider extending one of the following types with your repository: org.springframework.data.keyvalue.repository.KeyValueRepository
2026-09-07T13:03:07.176Z  INFO 131 --- [control-plane] [           main] .RepositoryConfigurationExtensionSupport : Spring Data Redis - Could not safely identify store assignment for repository candidate interface com.aisre.repo.ToolCallRepository; If you want this repository to be a Redis repository, consider annotating your entities with one of these annotations: org.springframework.data.redis.core.RedisHash (preferred), or consider extending one of the following types with your repository: org.springframework.data.keyvalue.repository.KeyValueRepository
2026-09-07T13:03:07.176Z  INFO 131 --- [control-plane] [           main] .s.d.r.c.RepositoryConfigurationDelegate : Finished Spring Data repository scanning in 109 ms. Found 0 Redis repository interfaces.
2026-09-07T13:03:08.632Z  INFO 131 --- [control-plane] [           main] o.s.b.w.embedded.tomcat.TomcatWebServer  : Tomcat initialized with port 0 (http)
2026-09-07T13:03:08.662Z  INFO 131 --- [control-plane] [           main] o.apache.catalina.core.StandardService   : Starting service [Tomcat]
2026-09-07T13:03:08.663Z  INFO 131 --- [control-plane] [           main] o.apache.catalina.core.StandardEngine    : Starting Servlet engine: [Apache Tomcat/10.1.33]
2026-09-07T13:03:08.766Z  INFO 131 --- [control-plane] [           main] o.a.c.c.C.[Tomcat].[localhost].[/]       : Initializing Spring embedded WebApplicationContext
2026-09-07T13:03:08.767Z  INFO 131 --- [control-plane] [           main] w.s.c.ServletWebServerApplicationContext : Root WebApplicationContext: initialization completed in 5318 ms
Standard Commons Logging discovery in action with spring-jcl: please remove commons-logging.jar from classpath in order to avoid potential conflicts
2026-09-07T13:03:09.532Z  INFO 131 --- [control-plane] [           main] com.zaxxer.hikari.HikariDataSource       : HikariPool-1 - Starting...
2026-09-07T13:03:09.884Z  INFO 131 --- [control-plane] [           main] com.zaxxer.hikari.pool.HikariPool        : HikariPool-1 - Added connection org.postgresql.jdbc.PgConnection@eb1e868
2026-09-07T13:03:09.892Z  INFO 131 --- [control-plane] [           main] com.zaxxer.hikari.HikariDataSource       : HikariPool-1 - Start completed.
2026-09-07T13:03:09.955Z  INFO 131 --- [control-plane] [           main] org.flywaydb.core.FlywayExecutor         : Database: jdbc:postgresql://172.17.0.1:44625/aisre?loggerLevel=OFF (PostgreSQL 16.15)
2026-09-07T13:03:10.145Z  INFO 131 --- [control-plane] [           main] o.f.c.i.s.JdbcTableSchemaHistory         : Schema history table "public"."flyway_schema_history" does not exist yet
2026-09-07T13:03:10.153Z  INFO 131 --- [control-plane] [           main] o.f.core.internal.command.DbValidate     : Successfully validated 9 migrations (execution time 00:00.142s)
2026-09-07T13:03:10.173Z  INFO 131 --- [control-plane] [           main] o.f.c.i.s.JdbcTableSchemaHistory         : Creating Schema History table "public"."flyway_schema_history" ...
2026-09-07T13:03:10.238Z  INFO 131 --- [control-plane] [           main] o.f.core.internal.command.DbMigrate      : Current version of schema "public": << Empty Schema >>
2026-09-07T13:03:10.291Z  INFO 131 --- [control-plane] [           main] o.f.core.internal.command.DbMigrate      : Migrating schema "public" to version "1 - initial schema"
2026-09-07T13:03:10.407Z  INFO 131 --- [control-plane] [           main] o.f.core.internal.command.DbMigrate      : Migrating schema "public" to version "2 - approval execution token"
2026-09-07T13:03:10.443Z  INFO 131 --- [control-plane] [           main] o.f.core.internal.command.DbMigrate      : Migrating schema "public" to version "3 - agent task claim"
2026-09-07T13:03:10.467Z  INFO 131 --- [control-plane] [           main] o.f.core.internal.command.DbMigrate      : Migrating schema "public" to version "4 - approval expires at"
2026-09-07T13:03:10.525Z  INFO 131 --- [control-plane] [           main] o.f.core.internal.command.DbMigrate      : Migrating schema "public" to version "5 - agent task outbox"
2026-09-07T13:03:10.573Z  INFO 131 --- [control-plane] [           main] o.f.core.internal.command.DbMigrate      : Migrating schema "public" to version "6 - incident version"
2026-09-07T13:03:10.614Z  INFO 131 --- [control-plane] [           main] o.f.core.internal.command.DbMigrate      : Migrating schema "public" to version "7 - agent task attempts"
2026-09-07T13:03:10.650Z  INFO 131 --- [control-plane] [           main] o.f.core.internal.command.DbMigrate      : Migrating schema "public" to version "8 - drop unused tables"
2026-09-07T13:03:10.693Z  INFO 131 --- [control-plane] [           main] o.f.core.internal.command.DbMigrate      : Migrating schema "public" to version "9 - evidence trace fields"
2026-09-07T13:03:10.704Z  INFO 131 --- [control-plane] [           main] o.f.core.internal.command.DbMigrate      : Successfully applied 9 migrations to schema "public", now at version v9 (execution time 00:00.095s)
2026-09-07T13:03:11.003Z  INFO 131 --- [control-plane] [           main] o.hibernate.jpa.internal.util.LogHelper  : HHH000204: Processing PersistenceUnitInfo [name: default]
2026-09-07T13:03:11.287Z  INFO 131 --- [control-plane] [           main] org.hibernate.Version                    : HHH000412: Hibernate ORM core version 6.6.2.Final
2026-09-07T13:03:11.431Z  INFO 131 --- [control-plane] [           main] o.h.c.internal.RegionFactoryInitiator    : HHH000026: Second-level cache disabled
2026-09-07T13:03:12.615Z  INFO 131 --- [control-plane] [           main] o.s.o.j.p.SpringPersistenceUnitInfo      : No LoadTimeWeaver setup: ignoring JPA class transformer
2026-09-07T13:03:12.911Z  INFO 131 --- [control-plane] [           main] org.hibernate.orm.connections.pooling    : HHH10001005: Database info:
	Database JDBC URL [Connecting through datasource 'HikariDataSource (HikariPool-1)']
	Database driver: undefined/unknown
	Database version: 16.15
	Autocommit mode: undefined/unknown
	Isolation level: undefined/unknown
	Minimum pool size: undefined/unknown
	Maximum pool size: undefined/unknown
2026-09-07T13:03:16.087Z  INFO 131 --- [control-plane] [           main] o.h.e.t.j.p.i.JtaPlatformInitiator       : HHH000489: No JTA platform available (set 'hibernate.transaction.jta.platform' to enable JTA platform integration)
2026-09-07T13:03:16.190Z  INFO 131 --- [control-plane] [           main] j.LocalContainerEntityManagerFactoryBean : Initialized JPA EntityManagerFactory for persistence unit 'default'
2026-09-07T13:03:16.785Z  INFO 131 --- [control-plane] [           main] o.s.d.j.r.query.QueryEnhancerFactory     : Hibernate is in classpath; If applicable, HQL parser will be used.
RocketMQLog:WARN No appenders could be found for logger (io.netty.channel.nio.NioEventLoop).
RocketMQLog:WARN Please initialize the logger system properly.
2026-09-07T13:03:19.955Z  INFO 131 --- [control-plane] [           main] c.a.service.RocketMqAgentJobProducer     : RocketMQ producer started
2026-09-07T13:03:20.123Z  INFO 131 --- [control-plane] [lientSelector_1] RocketmqRemoting                         : closeChannel: close the connection to remote address[127.0.0.1:9876] result: true
2026-09-07T13:03:21.018Z  INFO 131 --- [control-plane] [           main] o.s.b.w.embedded.tomcat.TomcatWebServer  : Tomcat started on port 33707 (http) with context path '/'
2026-09-07T13:03:21.036Z  INFO 131 --- [control-plane] [           main] c.a.integration.ControlPlaneChainTest    : Started ControlPlaneChainTest in 18.539 seconds (process running for 29.137)
2026-09-07T13:03:42.145Z  INFO 131 --- [control-plane] [o-auto-1-exec-1] o.a.c.c.C.[Tomcat].[localhost].[/]       : Initializing Spring DispatcherServlet 'dispatcherServlet'
2026-09-07T13:03:42.145Z  INFO 131 --- [control-plane] [o-auto-1-exec-1] o.s.web.servlet.DispatcherServlet        : Initializing Servlet 'dispatcherServlet'
2026-09-07T13:03:42.146Z  INFO 131 --- [control-plane] [o-auto-1-exec-1] o.s.web.servlet.DispatcherServlet        : Completed initialization in 1 ms
2026-09-07T13:03:42.193Z  WARN 131 --- [control-plane] [o-auto-1-exec-1] com.aisre.security.AuthInterceptor       : aisre.webhook.secret is EMPTY: alert webhooks accept unauthenticated calls (dev only)
2026-09-07T13:03:42.610Z  INFO 131 --- [control-plane] [o-auto-1-exec-1] com.aisre.service.AlertService           : alert ingested: fingerprint=payment-service:HighErrorRate:payment-service-1, duplicate=false, incidentId=2, alertName=HighErrorRate
2026-09-07T13:03:42.610Z  INFO 131 --- [control-plane] [   scheduling-1] com.aisre.service.AlertService           : alert ingested: fingerprint=api-gateway:service_down:health-check, duplicate=false, incidentId=1, alertName=service_down
[chain-it] first ingest body={"results":[{"incidentId":2,"duplicate":false}],"skippedResolved":0}
[chain-it] replay ingest http=202 ACCEPTED body={"results":[{"incidentId":2,"duplicate":true}],"skippedResolved":0}
2026-09-07T13:03:42.894Z  INFO 131 --- [control-plane] [o-auto-1-exec-7] com.aisre.service.AgentResultService     : diagnosis saved: incidentId=2, rootCause=redis_connection_pool_exhausted, taskId=1
2026-09-07T13:03:42.961Z  INFO 131 --- [control-plane] [o-auto-1-exec-7] com.aisre.service.RemediationExecutor    : remediation restart_pod for incident 2: HTTP 200
2026-09-07T13:03:43.106Z  INFO 131 --- [control-plane] [o-auto-1-exec-3] com.aisre.service.AlertService           : alert ingested: fingerprint=order-service:HighLatency:order-service-1, duplicate=false, incidentId=3, alertName=HighLatency
2026-09-07T13:03:43.140Z  INFO 131 --- [control-plane] [o-auto-1-exec-6] com.aisre.service.AgentResultService     : diagnosis saved: incidentId=3, rootCause=capacity_shortage, taskId=2
2026-09-07T13:03:43.215Z  INFO 131 --- [control-plane] [o-auto-1-exec-4] com.aisre.service.RemediationExecutor    : remediation scale_deployment for incident 3: HTTP 200
2026-09-07T13:03:43.291Z  INFO 131 --- [control-plane] [o-auto-1-exec-7] com.aisre.service.AlertService           : alert ingested: fingerprint=inventory-service:HighMemory:inventory-service-1, duplicate=false, incidentId=4, alertName=HighMemory
2026-09-07T13:03:43.321Z  INFO 131 --- [control-plane] [-auto-1-exec-10] com.aisre.service.AgentResultService     : diagnosis saved: incidentId=4, rootCause=memory_leak, taskId=3
2026-09-07T13:03:43.386Z  WARN 131 --- [control-plane] [o-auto-1-exec-7] com.aisre.api.GlobalExceptionHandler     : conflict: Invalid incident transition: ROOT_CAUSE_FOUND -> RESOLVED
2026-09-07T13:03:43.402Z  INFO 131 --- [control-plane] [           main] com.aisre.service.AgentTaskService       : task 1 claimed by it-worker-crash
2026-09-07T13:03:43.413Z  WARN 131 --- [control-plane] [           main] com.aisre.service.AgentTaskService       : reclaimed 1 expired diagnosis task lease(s)
2026-09-07T13:03:43.420Z  INFO 131 --- [control-plane] [           main] com.aisre.service.AgentTaskService       : task 1 claimed by it-worker-crash
2026-09-07T13:03:43.428Z  WARN 131 --- [control-plane] [           main] com.aisre.service.AgentTaskService       : reclaimed 1 expired diagnosis task lease(s)
2026-09-07T13:03:43.430Z ERROR 131 --- [control-plane] [           main] com.aisre.service.AgentTaskService       : POISON TASK: task 1 (incident 999) moved to DEAD after 2 attempts
[INFO] Tests run: 4, Failures: 0, Errors: 0, Skipped: 0, Time elapsed: 48.67 s -- in com.aisre.integration.ControlPlaneChainTest
[INFO] Running com.aisre.integration.ControlPlaneIntegrationTest
2026-09-07T13:03:45.957Z  INFO 131 --- [control-plane] [           main] tc.redis:7-alpine                        : Creating container for image: redis:7-alpine
2026-09-07T13:03:46.055Z  INFO 131 --- [control-plane] [           main] tc.redis:7-alpine                        : Container redis:7-alpine is starting: 5cb08f796d04d91ea0e9632dd809088e648e2097a00cf7950f437f7903395912
2026-09-07T13:03:46.749Z  INFO 131 --- [control-plane] [           main] tc.redis:7-alpine                        : Container redis:7-alpine started in PT0.792051535S
2026-09-07T13:03:46.749Z  INFO 131 --- [control-plane] [           main] tc.postgres:16-alpine                    : Creating container for image: postgres:16-alpine
2026-09-07T13:03:46.843Z  INFO 131 --- [control-plane] [           main] tc.postgres:16-alpine                    : Container postgres:16-alpine is starting: 1ebfeef81df7e7e9768edab83b3200f84759617f82feba5a6811a28d6af6edb9
2026-09-07T13:03:48.691Z  INFO 131 --- [control-plane] [           main] tc.postgres:16-alpine                    : Container postgres:16-alpine started in PT1.942220733S
2026-09-07T13:03:48.692Z  INFO 131 --- [control-plane] [           main] tc.postgres:16-alpine                    : Container is started (JDBC URL: jdbc:postgresql://172.17.0.1:44627/aisre?loggerLevel=OFF)
2026-09-07T13:03:48.763Z  INFO 131 --- [control-plane] [           main] org.flywaydb.core.FlywayExecutor         : Database: jdbc:postgresql://172.17.0.1:44627/aisre?loggerLevel=OFF (PostgreSQL 16.15)
2026-09-07T13:03:48.853Z  INFO 131 --- [control-plane] [           main] o.f.c.i.s.JdbcTableSchemaHistory         : Schema history table "public"."flyway_schema_history" does not exist yet
2026-09-07T13:03:48.854Z  INFO 131 --- [control-plane] [           main] o.f.core.internal.command.DbValidate     : Successfully validated 9 migrations (execution time 00:00.082s)
2026-09-07T13:03:48.861Z  INFO 131 --- [control-plane] [           main] o.f.c.i.s.JdbcTableSchemaHistory         : Creating Schema History table "public"."flyway_schema_history" ...
2026-09-07T13:03:48.881Z  INFO 131 --- [control-plane] [           main] o.f.core.internal.command.DbMigrate      : Current version of schema "public": << Empty Schema >>
2026-09-07T13:03:48.912Z  INFO 131 --- [control-plane] [           main] o.f.core.internal.command.DbMigrate      : Migrating schema "public" to version "1 - initial schema"
2026-09-07T13:03:49.015Z  INFO 131 --- [control-plane] [           main] o.f.core.internal.command.DbMigrate      : Migrating schema "public" to version "2 - approval execution token"
2026-09-07T13:03:49.050Z  INFO 131 --- [control-plane] [           main] o.f.core.internal.command.DbMigrate      : Migrating schema "public" to version "3 - agent task claim"
2026-09-07T13:03:49.069Z  INFO 131 --- [control-plane] [           main] o.f.core.internal.command.DbMigrate      : Migrating schema "public" to version "4 - approval expires at"
2026-09-07T13:03:49.120Z  INFO 131 --- [control-plane] [           main] o.f.core.internal.command.DbMigrate      : Migrating schema "public" to version "5 - agent task outbox"
2026-09-07T13:03:49.159Z  INFO 131 --- [control-plane] [           main] o.f.core.internal.command.DbMigrate      : Migrating schema "public" to version "6 - incident version"
2026-09-07T13:03:49.195Z  INFO 131 --- [control-plane] [           main] o.f.core.internal.command.DbMigrate      : Migrating schema "public" to version "7 - agent task attempts"
2026-09-07T13:03:49.225Z  INFO 131 --- [control-plane] [           main] o.f.core.internal.command.DbMigrate      : Migrating schema "public" to version "8 - drop unused tables"
2026-09-07T13:03:49.265Z  INFO 131 --- [control-plane] [           main] o.f.core.internal.command.DbMigrate      : Migrating schema "public" to version "9 - evidence trace fields"
2026-09-07T13:03:49.270Z  INFO 131 --- [control-plane] [           main] o.f.core.internal.command.DbMigrate      : Successfully applied 9 migrations to schema "public", now at version v9 (execution time 00:00.085s)
2026-09-07T13:03:49.954Z  INFO 131 --- [control-plane] [lientSelector_1] RocketmqRemoting                         : closeChannel: close the connection to remote address[127.0.0.1:9876] result: true
[INFO] Tests run: 2, Failures: 0, Errors: 0, Skipped: 0, Time elapsed: 4.309 s -- in com.aisre.integration.ControlPlaneIntegrationTest
[INFO] Running com.aisre.security.AuthInterceptorTest
[INFO] Tests run: 5, Failures: 0, Errors: 0, Skipped: 0, Time elapsed: 0.032 s -- in com.aisre.security.AuthInterceptorTest
[INFO] Running com.aisre.security.AuthServiceTest
[INFO] Tests run: 5, Failures: 0, Errors: 0, Skipped: 0, Time elapsed: 0.006 s -- in com.aisre.security.AuthServiceTest
[INFO] Running com.aisre.security.RiskPolicyTest
[INFO] Tests run: 2, Failures: 0, Errors: 0, Skipped: 0, Time elapsed: 0.001 s -- in com.aisre.security.RiskPolicyTest
[INFO] Running com.aisre.service.AlertmanagerAdapterTest
2026-09-07T13:03:50.624Z  INFO 131 --- [control-plane] [           main] com.aisre.service.AlertService           : alert ingested: fingerprint=s:HighLatency:s, duplicate=false, incidentId=1, alertName=HighLatency
2026-09-07T13:03:50.632Z  INFO 131 --- [control-plane] [           main] com.aisre.service.AlertService           : alert ingested: fingerprint=payment-service:ServiceLatencyHigh:10.0.0.5:8080, duplicate=false, incidentId=1, alertName=ServiceLatencyHigh
2026-09-07T13:03:50.633Z  INFO 131 --- [control-plane] [           main] com.aisre.service.AlertService           : alert ingested: fingerprint=order-service:HighErrorRate:order-service, duplicate=false, incidentId=1, alertName=HighErrorRate
2026-09-07T13:03:50.634Z  INFO 131 --- [control-plane] [           main] com.aisre.service.AlertService           : alert ingested: fingerprint=order-service:HighErrorRate:order-service, duplicate=true, incidentId=1, alertName=HighErrorRate
[INFO] Tests run: 5, Failures: 0, Errors: 0, Skipped: 0, Time elapsed: 0.328 s -- in com.aisre.service.AlertmanagerAdapterTest
[INFO] Running com.aisre.service.InMemoryDeduplicationStoreTest
[INFO] Tests run: 2, Failures: 0, Errors: 0, Skipped: 0, Time elapsed: 0.001 s -- in com.aisre.service.InMemoryDeduplicationStoreTest
[INFO] Running com.aisre.service.RemediationExecutorBodyTest
[INFO] Tests run: 4, Failures: 0, Errors: 0, Skipped: 0, Time elapsed: 0.003 s -- in com.aisre.service.RemediationExecutorBodyTest
[INFO] Running com.aisre.state.IncidentStateMachineTest
[INFO] Tests run: 3, Failures: 0, Errors: 0, Skipped: 0, Time elapsed: 0.001 s -- in com.aisre.state.IncidentStateMachineTest
2026-09-07T13:03:51.416Z  INFO 131 --- [control-plane] [ionShutdownHook] o.s.b.w.e.tomcat.GracefulShutdown        : Commencing graceful shutdown. Waiting for active requests to complete
2026-09-07T13:03:51.418Z  INFO 131 --- [control-plane] [tomcat-shutdown] o.s.b.w.e.tomcat.GracefulShutdown        : Graceful shutdown complete
2026-09-07T13:03:52.651Z  WARN 131 --- [control-plane] [   scheduling-1] com.zaxxer.hikari.pool.PoolBase          : HikariPool-1 - Failed to validate connection org.postgresql.jdbc.PgConnection@eb1e868 (This connection has been closed.). Possibly consider using a shorter maxLifetime value.
2026-09-07T13:03:52.652Z  WARN 131 --- [control-plane] [   scheduling-1] com.zaxxer.hikari.pool.PoolBase          : HikariPool-1 - Failed to validate connection org.postgresql.jdbc.PgConnection@30724187 (This connection has been closed.). Possibly consider using a shorter maxLifetime value.
2026-09-07T13:03:52.652Z  WARN 131 --- [control-plane] [   scheduling-1] com.zaxxer.hikari.pool.PoolBase          : HikariPool-1 - Failed to validate connection org.postgresql.jdbc.PgConnection@525cac85 (This connection has been closed.). Possibly consider using a shorter maxLifetime value.
2026-09-07T13:03:52.653Z  WARN 131 --- [control-plane] [   scheduling-1] com.zaxxer.hikari.pool.PoolBase          : HikariPool-1 - Failed to validate connection org.postgresql.jdbc.PgConnection@6a177b15 (This connection has been closed.). Possibly consider using a shorter maxLifetime value.
2026-09-07T13:03:52.653Z  WARN 131 --- [control-plane] [   scheduling-1] com.zaxxer.hikari.pool.PoolBase          : HikariPool-1 - Failed to validate connection org.postgresql.jdbc.PgConnection@52c1f40e (This connection has been closed.). Possibly consider using a shorter maxLifetime value.
2026-09-07T13:03:52.654Z  WARN 131 --- [control-plane] [   scheduling-1] com.zaxxer.hikari.pool.PoolBase          : HikariPool-1 - Failed to validate connection org.postgresql.jdbc.PgConnection@709df9a8 (This connection has been closed.). Possibly consider using a shorter maxLifetime value.
2026-09-07T13:03:52.654Z  WARN 131 --- [control-plane] [   scheduling-1] com.zaxxer.hikari.pool.PoolBase          : HikariPool-1 - Failed to validate connection org.postgresql.jdbc.PgConnection@47924bba (This connection has been closed.). Possibly consider using a shorter maxLifetime value.
2026-09-07T13:03:52.654Z  WARN 131 --- [control-plane] [   scheduling-1] com.zaxxer.hikari.pool.PoolBase          : HikariPool-1 - Failed to validate connection org.postgresql.jdbc.PgConnection@160c5f8e (This connection has been closed.). Possibly consider using a shorter maxLifetime value.
2026-09-07T13:03:52.654Z  WARN 131 --- [control-plane] [   scheduling-1] com.zaxxer.hikari.pool.PoolBase          : HikariPool-1 - Failed to validate connection org.postgresql.jdbc.PgConnection@4b30b8c5 (This connection has been closed.). Possibly consider using a shorter maxLifetime value.
2026-09-07T13:03:52.654Z  WARN 131 --- [control-plane] [   scheduling-1] com.zaxxer.hikari.pool.PoolBase          : HikariPool-1 - Failed to validate connection org.postgresql.jdbc.PgConnection@54ff58b2 (This connection has been closed.). Possibly consider using a shorter maxLifetime value.
2026-09-07T13:04:19.955Z  INFO 131 --- [control-plane] [lientSelector_1] RocketmqRemoting                         : closeChannel: close the connection to remote address[127.0.0.1:9876] result: true
[ERROR] Surefire is going to kill self fork JVM. The exit has elapsed 30 seconds after System.exit(0).
[INFO] 
[INFO] Results:
[INFO] 
[INFO] Tests run: 42, Failures: 0, Errors: 0, Skipped: 0
[INFO] 
[WARNING] Corrupted channel by directly writing to native stream in forked JVM 1. See FAQ web page and the dump file /work/target/surefire-reports/2026-09-07T13-02-51_654-jvmRun1.dumpstream
[INFO] ------------------------------------------------------------------------
[INFO] BUILD SUCCESS
[INFO] ------------------------------------------------------------------------
[INFO] Total time:  01:40 min
[INFO] Finished at: 2026-09-07T13:04:21Z
[INFO] ------------------------------------------------------------------------
